make -C /home/ubuntu/kernel_xiaomi_mojito/out KBUILD_SRC=/home/ubuntu/kernel_xiaomi_mojito \
-f /home/ubuntu/kernel_xiaomi_mojito/Makefile 
make[1]: Entering directory '/home/ubuntu/kernel_xiaomi_mojito/out'
set -e; : '  CHK     include/config/kernel.release'; mkdir -p include/config/; 	echo "4.14.356-openela-rc1$(/bin/bash ../scripts/setlocalversion ..)" < include/config/auto.conf > include/config/kernel.release.tmp; if [ -r include/config/kernel.release ] && cmp -s include/config/kernel.release include/config/kernel.release.tmp; then rm -f include/config/kernel.release.tmp; else : '  UPD     include/config/kernel.release'; mv -f include/config/kernel.release.tmp include/config/kernel.release; fi
ln -fsn .. source
make -f ../scripts/Makefile.asm-generic \
            src=uapi/asm obj=arch/arm64/include/generated/uapi/asm
/bin/bash ../scripts/mkmakefile \
    .. . 4 14
  GEN     ./Makefile
set -e; : '  CHK     include/generated/uapi/linux/version.h'; mkdir -p include/generated/uapi/linux/; 	(echo \#define LINUX_VERSION_CODE 265983; echo '#define KERNEL_VERSION(a,b,c) (((a) << 16) + ((b) << 8) + (c))';) < ../Makefile > include/generated/uapi/linux/version.h.tmp; if [ -r include/generated/uapi/linux/version.h ] && cmp -s include/generated/uapi/linux/version.h include/generated/uapi/linux/version.h.tmp; then rm -f include/generated/uapi/linux/version.h.tmp; else : '  UPD     include/generated/uapi/linux/version.h'; mv -f include/generated/uapi/linux/version.h.tmp include/generated/uapi/linux/version.h; fi
rm -f include/linux/version.h
set -e; : '  CHK     include/generated/utsrelease.h'; mkdir -p include/generated/; 	if [ `echo -n "4.14.356-openela-rc1/b1d5a805" | wc -c ` -gt 64 ]; then echo '"4.14.356-openela-rc1/b1d5a805" exceeds 64 characters' >&2; exit 1; fi; (echo \#define UTS_RELEASE \"4.14.356-openela-rc1/b1d5a805\";) < include/config/kernel.release > include/generated/utsrelease.h.tmp; if [ -r include/generated/utsrelease.h ] && cmp -s include/generated/utsrelease.h include/generated/utsrelease.h.tmp; then rm -f include/generated/utsrelease.h.tmp; else : '  UPD     include/generated/utsrelease.h'; mv -f include/generated/utsrelease.h.tmp include/generated/utsrelease.h; fi
make -f ../scripts/Makefile.build obj=scripts/basic
(cat /dev/null; ) > scripts/basic/modules.order
rm -f .tmp_quiet_recordmcount
make -f ../scripts/Makefile.asm-generic \
            src=asm obj=arch/arm64/include/generated/asm
if [ -f ../.config -o -d ../include/config ]; then \
	echo >&2 "  .. is not clean, please run 'make mrproper'"; \
	echo >&2 "  in the '..' directory.";\
	/bin/false; \
fi;
mkdir -p .tmp_versions ; rm -f .tmp_versions/*
make -f ../scripts/Makefile.build obj=scripts
make -f ../scripts/Makefile.build obj=scripts/dtc need-builtin=
make -f ../scripts/Makefile.build obj=scripts/mod need-builtin=
(cat /dev/null; ) > scripts/mod/modules.order
(cat /dev/null; ) > scripts/dtc/modules.order
set -e; : '  CHK     scripts/mod/devicetable-offsets.h'; mkdir -p scripts/mod/; 	(set -e; echo "#ifndef __DEVICETABLE_OFFSETS_H__"; echo "#define __DEVICETABLE_OFFSETS_H__"; echo "/*"; echo " * DO NOT MODIFY."; echo " *"; echo " * This file was generated by Kbuild"; echo " */"; echo ""; sed -ne 	's:^[[:space:]]*\.ascii[[:space:]]*"\(.*\)".*:\1:; /^->/{s:->#\(.*\):/* \1 */:; s:^->\([^ ]*\) [\$#]*\([^ ]*\) \(.*\):#define \1 \2 /* \3 */:; s:->::; p;}'; echo ""; echo "#endif" ) < scripts/mod/devicetable-offsets.s > scripts/mod/devicetable-offsets.h.tmp; if [ -r scripts/mod/devicetable-offsets.h ] && cmp -s scripts/mod/devicetable-offsets.h scripts/mod/devicetable-offsets.h.tmp; then rm -f scripts/mod/devicetable-offsets.h.tmp; else : '  UPD     scripts/mod/devicetable-offsets.h'; mv -f scripts/mod/devicetable-offsets.h.tmp scripts/mod/devicetable-offsets.h; fi
(cat /dev/null; ) > scripts/modules.order
make -f ../scripts/Makefile.build obj=.
(cat /dev/null; ) > modules.order
mkdir -p kernel/
set -e; : '  CHK     include/generated/timeconst.h'; mkdir -p include/generated/; 	(echo 250 | bc -q ../kernel/time/timeconst.bc ) < ../kernel/time/timeconst.bc > include/generated/timeconst.h.tmp; if [ -r include/generated/timeconst.h ] && cmp -s include/generated/timeconst.h include/generated/timeconst.h.tmp; then rm -f include/generated/timeconst.h.tmp; else : '  UPD     include/generated/timeconst.h'; mv -f include/generated/timeconst.h.tmp include/generated/timeconst.h; fi
set -e; : '  CHK     include/generated/bounds.h'; mkdir -p include/generated/; 	(set -e; echo "#ifndef __LINUX_BOUNDS_H__"; echo "#define __LINUX_BOUNDS_H__"; echo "/*"; echo " * DO NOT MODIFY."; echo " *"; echo " * This file was generated by Kbuild"; echo " */"; echo ""; sed -ne 	's:^[[:space:]]*\.ascii[[:space:]]*"\(.*\)".*:\1:; /^->/{s:->#\(.*\):/* \1 */:; s:^->\([^ ]*\) [\$#]*\([^ ]*\) \(.*\):#define \1 \2 /* \3 */:; s:->::; p;}'; echo ""; echo "#endif" ) < kernel/bounds.s > include/generated/bounds.h.tmp; if [ -r include/generated/bounds.h ] && cmp -s include/generated/bounds.h include/generated/bounds.h.tmp; then rm -f include/generated/bounds.h.tmp; else : '  UPD     include/generated/bounds.h'; mv -f include/generated/bounds.h.tmp include/generated/bounds.h; fi
mkdir -p arch/arm64/kernel/
set -e; : '  CHK     include/generated/asm-offsets.h'; mkdir -p include/generated/; 	(set -e; echo "#ifndef __ASM_OFFSETS_H__"; echo "#define __ASM_OFFSETS_H__"; echo "/*"; echo " * DO NOT MODIFY."; echo " *"; echo " * This file was generated by Kbuild"; echo " */"; echo ""; sed -ne 	's:^[[:space:]]*\.ascii[[:space:]]*"\(.*\)".*:\1:; /^->/{s:->#\(.*\):/* \1 */:; s:^->\([^ ]*\) [\$#]*\([^ ]*\) \(.*\):#define \1 \2 /* \3 */:; s:->::; p;}'; echo ""; echo "#endif" ) < arch/arm64/kernel/asm-offsets.s > include/generated/asm-offsets.h.tmp; if [ -r include/generated/asm-offsets.h ] && cmp -s include/generated/asm-offsets.h include/generated/asm-offsets.h.tmp; then rm -f include/generated/asm-offsets.h.tmp; else : '  UPD     include/generated/asm-offsets.h'; mv -f include/generated/asm-offsets.h.tmp include/generated/asm-offsets.h; fi
  /bin/bash ../scripts/checksyscalls.sh clang -Wp,-MD,./.missing-syscalls.d -nostdinc -isystem /usr/lib/llvm-14/lib/clang/14.0.0/include -I../arch/arm64/include -I./arch/arm64/include/generated  -I../include -I./include -I../arch/arm64/include/uapi -I./arch/arm64/include/generated/uapi -I../include/uapi -I./include/generated/uapi -include ../include/linux/kconfig.h  -I../. -I. -D__KERNEL__ -Qunused-arguments -mlittle-endian -DKASAN_SHADOW_SCALE_SHIFT=3 -Wall -Wundef -Wstrict-prototypes -Wno-trigraphs -pipe -fno-strict-aliasing -fno-common -fshort-wchar -Werror-implicit-function-declaration -Wno-format-security -std=gnu89 -Werror=vla --target=aarch64-linux-gnu --prefix=/usr/bin/aarch64-linux-gnu- --gcc-toolchain=/usr -no-integrated-as -Werror=unknown-warning-option -Wno-misleading-indentation -Wno-bool-operation -Wno-unsequenced -fuse-ld=lld -fno-PIE -mno-implicit-float -DCONFIG_AS_LSE=1 -fno-asynchronous-unwind-tables -fno-pic -DCONFIG_ARCH_SUPPORTS_INT128 -Wno-asm-operand-widths -DKASAN_SHADOW_SCALE_SHIFT=3 -fno-delete-null-pointer-checks -Wno-frame-address -Wno-int-in-bool-context -Wno-address-of-packed-member -Wno-address -O2 --param=allow-store-data-races=0 -DCC_HAVE_ASM_GOTO -Wframe-larger-than=2048 -fno-stack-protector -Wno-format-invalid-specifier -Wno-gnu -Wno-duplicate-decl-specifier -Wno-tautological-constant-out-of-range-compare -Wno-sometimes-uninitialized -Wno-tautological-compare -mno-global-merge -fno-delete-null-pointer-checks -Wno-unused-but-set-variable -Wno-unused-const-variable -fno-omit-frame-pointer -fno-optimize-sibling-calls -ftrivial-auto-var-init=zero -enable-trivial-auto-var-init-zero-knowing-it-will-be-removed-from-clang -g -pg -Wdeclaration-after-statement -Wno-pointer-sign -Wno-format -Wno-array-bounds -fno-strict-overflow -fno-merge-all-constants -fno-stack-check -Werror=implicit-int -Werror=strict-prototypes -Werror=date-time -Werror=incompatible-pointer-types -fmacro-prefix-map=../= -Wno-initializer-overrides -Wno-unused-value -Wno-format -Wno-sign-compare -Wno-format-zero-length -Wno-uninitialized -Wno-pointer-to-enum-cast -Wno-unaligned-access -Wno-void-ptr-dereference -Wno-enum-compare-conditional -Wno-enum-enum-conversion    -DKBUILD_BASENAME='"missing_syscalls"'  -DKBUILD_MODNAME='"missing_syscalls"' 
make -f ../scripts/Makefile.build obj=arch/arm64/kernel/vdso include/generated/vdso-offsets.h
make -f ../scripts/Makefile.build obj=init need-builtin=1
make -f ../scripts/Makefile.build obj=usr need-builtin=1
/bin/bash ../scripts/mkcompile_h include/generated/compile.h	\
"aarch64" "y" "y"	\
"clang -Wall -Wundef -Wstrict-prototypes -Wno-trigraphs -pipe -fno-strict-aliasing -fno-common -fshort-wchar -Werror-implicit-function-declaration -Wno-format-security -std=gnu89 -Werror=vla --target=aarch64-linux-gnu --prefix=/usr/bin/aarch64-linux-gnu- --gcc-toolchain=/usr -no-integrated-as -Werror=unknown-warning-option  -Wno-misleading-indentation  -Wno-bool-operation  -Wno-unsequenced -fuse-ld=lld -fno-PIE -mno-implicit-float -DCONFIG_AS_LSE=1   -fno-asynchronous-unwind-tables -fno-pic -DCONFIG_ARCH_SUPPORTS_INT128 -Wno-asm-operand-widths -DKASAN_SHADOW_SCALE_SHIFT=3 -fno-delete-null-pointer-checks -Wno-frame-address -Wno-int-in-bool-context -Wno-address-of-packed-member -Wno-address -O2 --param=allow-store-data-races=0 -DCC_HAVE_ASM_GOTO -Wframe-larger-than=2048  -fno-stack-protector -Wno-format-invalid-specifier -Wno-gnu -Wno-duplicate-decl-specifier  -Wno-tautological-constant-out-of-range-compare  -Wno-sometimes-uninitialized -Wno-tautological-compare  -mno-global-merge -fno-delete-null-pointer-checks -Wno-unused-but-set-variable -Wno-unused-const-variable -fno-omit-frame-pointer -fno-optimize-sibling-calls -ftrivial-auto-var-init=zero  -enable-trivial-auto-var-init-zero-knowing-it-will-be-removed-from-clang -g -pg  -Wdeclaration-after-statement -Wno-pointer-sign -Wno-format -Wno-array-bounds -fno-strict-overflow -fno-merge-all-constants -fno-stack-check -Werror=implicit-int -Werror=strict-prototypes -Werror=date-time -Werror=incompatible-pointer-types -fmacro-prefix-map=../= -Wno-initializer-overrides -Wno-unused-value -Wno-format -Wno-sign-compare -Wno-format-zero-length -Wno-uninitialized -Wno-pointer-to-enum-cast -Wno-unaligned-access -Wno-void-ptr-dereference -Wno-enum-compare-conditional -Wno-enum-enum-conversion    " "ld.lld -EL"
/bin/bash ../scripts/gen_initramfs_list.sh -l -d > usr/.initramfs_data.cpio.d
(cat /dev/null; ) > usr/modules.order
make -f ../scripts/Makefile.build obj=arch/arm64/kernel need-builtin=1
(cat /dev/null; ) > init/modules.order
make -f ../scripts/Makefile.build obj=arch/arm64/mm need-builtin=1
(cat /dev/null; ) > arch/arm64/mm/modules.order
make -f ../scripts/Makefile.build obj=arch/arm64/net need-builtin=1
make -f ../scripts/Makefile.build obj=arch/arm64/kernel/probes need-builtin=1
(cat /dev/null; ) > arch/arm64/net/modules.order
make -f ../scripts/Makefile.build obj=arch/arm64/kernel/vdso need-builtin=1
(cat /dev/null; ) > arch/arm64/kernel/probes/modules.order
make -f ../scripts/Makefile.build obj=arch/arm64/kvm need-builtin=1
(cat /dev/null; ) > arch/arm64/kernel/vdso/modules.order
(cat /dev/null;   cat arch/arm64/kernel/vdso/modules.order;   cat arch/arm64/kernel/probes/modules.order;) > arch/arm64/kernel/modules.order
make -f ../scripts/Makefile.build obj=arch/arm64/xen need-builtin=1
(cat /dev/null; ) > arch/arm64/xen/modules.order
make -f ../scripts/Makefile.build obj=arch/arm64/crypto need-builtin=1
make -f ../scripts/Makefile.build obj=arch/arm64/kvm/hyp need-builtin=1
(cat /dev/null;   echo kernel/arch/arm64/crypto/crct10dif-ce.ko;   echo kernel/arch/arm64/crypto/crc32-ce.ko;   echo kernel/arch/arm64/crypto/aes-neon-blk.ko;   echo kernel/arch/arm64/crypto/sha512-arm64.ko;   echo kernel/arch/arm64/crypto/chacha20-neon.ko;   echo kernel/arch/arm64/crypto/aes-neon-bs.ko;) > arch/arm64/crypto/modules.order
make -f ../scripts/Makefile.build obj=kernel need-builtin=1
(cat /dev/null; ) > arch/arm64/kvm/hyp/modules.order
(cat /dev/null;   cat arch/arm64/kvm/hyp/modules.order;) > arch/arm64/kvm/modules.order
make -f ../scripts/Makefile.build obj=certs need-builtin=1
(cat /dev/null; ) > certs/modules.order
make -f ../scripts/Makefile.build obj=mm need-builtin=1
make -f ../scripts/Makefile.build obj=kernel/bpf need-builtin=1
(cat /dev/null; ) > mm/modules.order
make -f ../scripts/Makefile.build obj=kernel/cgroup need-builtin=1
(cat /dev/null; ) > kernel/cgroup/modules.order
make -f ../scripts/Makefile.build obj=kernel/events need-builtin=1
  clang -Wp,-MD,kernel/events/.core.o.d -nostdinc -isystem /usr/lib/llvm-14/lib/clang/14.0.0/include -I../arch/arm64/include -I./arch/arm64/include/generated  -I../include -I./include -I../arch/arm64/include/uapi -I./arch/arm64/include/generated/uapi -I../include/uapi -I./include/generated/uapi -include ../include/linux/kconfig.h  -I../kernel/events -Ikernel/events -D__KERNEL__ -Qunused-arguments -mlittle-endian -DKASAN_SHADOW_SCALE_SHIFT=3 -Wall -Wundef -Wstrict-prototypes -Wno-trigraphs -pipe -fno-strict-aliasing -fno-common -fshort-wchar -Werror-implicit-function-declaration -Wno-format-security -std=gnu89 -Werror=vla --target=aarch64-linux-gnu --prefix=/usr/bin/aarch64-linux-gnu- --gcc-toolchain=/usr -no-integrated-as -Werror=unknown-warning-option -Wno-misleading-indentation -Wno-bool-operation -Wno-unsequenced -fuse-ld=lld -fno-PIE -mno-implicit-float -DCONFIG_AS_LSE=1 -fno-asynchronous-unwind-tables -fno-pic -DCONFIG_ARCH_SUPPORTS_INT128 -Wno-asm-operand-widths -DKASAN_SHADOW_SCALE_SHIFT=3 -fno-delete-null-pointer-checks -Wno-frame-address -Wno-int-in-bool-context -Wno-address-of-packed-member -Wno-address -O2 --param=allow-store-data-races=0 -DCC_HAVE_ASM_GOTO -Wframe-larger-than=2048 -fno-stack-protector -Wno-format-invalid-specifier -Wno-gnu -Wno-duplicate-decl-specifier -Wno-tautological-constant-out-of-range-compare -Wno-sometimes-uninitialized -Wno-tautological-compare -mno-global-merge -fno-delete-null-pointer-checks -Wno-unused-but-set-variable -Wno-unused-const-variable -fno-omit-frame-pointer -fno-optimize-sibling-calls -ftrivial-auto-var-init=zero -enable-trivial-auto-var-init-zero-knowing-it-will-be-removed-from-clang -g -Wdeclaration-after-statement -Wno-pointer-sign -Wno-format -Wno-array-bounds -fno-strict-overflow -fno-merge-all-constants -fno-stack-check -Werror=implicit-int -Werror=strict-prototypes -Werror=date-time -Werror=incompatible-pointer-types -fmacro-prefix-map=../= -Wno-initializer-overrides -Wno-unused-value -Wno-format -Wno-sign-compare -Wno-format-zero-length -Wno-uninitialized -Wno-pointer-to-enum-cast -Wno-unaligned-access -Wno-void-ptr-dereference -Wno-enum-compare-conditional -Wno-enum-enum-conversion    -DKBUILD_BASENAME='"core"'  -DKBUILD_MODNAME='"core"' -c -o kernel/events/core.o ../kernel/events/core.c
  clang -Wp,-MD,kernel/bpf/.core.o.d -nostdinc -isystem /usr/lib/llvm-14/lib/clang/14.0.0/include -I../arch/arm64/include -I./arch/arm64/include/generated  -I../include -I./include -I../arch/arm64/include/uapi -I./arch/arm64/include/generated/uapi -I../include/uapi -I./include/generated/uapi -include ../include/linux/kconfig.h  -I../kernel/bpf -Ikernel/bpf -D__KERNEL__ -Qunused-arguments -mlittle-endian -DKASAN_SHADOW_SCALE_SHIFT=3 -Wall -Wundef -Wstrict-prototypes -Wno-trigraphs -pipe -fno-strict-aliasing -fno-common -fshort-wchar -Werror-implicit-function-declaration -Wno-format-security -std=gnu89 -Werror=vla --target=aarch64-linux-gnu --prefix=/usr/bin/aarch64-linux-gnu- --gcc-toolchain=/usr -no-integrated-as -Werror=unknown-warning-option -Wno-misleading-indentation -Wno-bool-operation -Wno-unsequenced -fuse-ld=lld -fno-PIE -mno-implicit-float -DCONFIG_AS_LSE=1 -fno-asynchronous-unwind-tables -fno-pic -DCONFIG_ARCH_SUPPORTS_INT128 -Wno-asm-operand-widths -DKASAN_SHADOW_SCALE_SHIFT=3 -fno-delete-null-pointer-checks -Wno-frame-address -Wno-int-in-bool-context -Wno-address-of-packed-member -Wno-address -O2 --param=allow-store-data-races=0 -DCC_HAVE_ASM_GOTO -Wframe-larger-than=2048 -fno-stack-protector -Wno-format-invalid-specifier -Wno-gnu -Wno-duplicate-decl-specifier -Wno-tautological-constant-out-of-range-compare -Wno-sometimes-uninitialized -Wno-tautological-compare -mno-global-merge -fno-delete-null-pointer-checks -Wno-unused-but-set-variable -Wno-unused-const-variable -fno-omit-frame-pointer -fno-optimize-sibling-calls -ftrivial-auto-var-init=zero -enable-trivial-auto-var-init-zero-knowing-it-will-be-removed-from-clang -g -pg -Wdeclaration-after-statement -Wno-pointer-sign -Wno-format -Wno-array-bounds -fno-strict-overflow -fno-merge-all-constants -fno-stack-check -Werror=implicit-int -Werror=strict-prototypes -Werror=date-time -Werror=incompatible-pointer-types -fmacro-prefix-map=../= -Wno-initializer-overrides -Wno-unused-value -Wno-format -Wno-sign-compare -Wno-format-zero-length -Wno-uninitialized -Wno-pointer-to-enum-cast -Wno-unaligned-access -Wno-void-ptr-dereference -Wno-enum-compare-conditional -Wno-enum-enum-conversion -Wno-override-init    -DKBUILD_BASENAME='"core"'  -DKBUILD_MODNAME='"core"' -c -o kernel/bpf/core.o ../kernel/bpf/core.c
make -f ../scripts/Makefile.build obj=fs need-builtin=1
make -f ../scripts/Makefile.build obj=fs/9p need-builtin=1
(cat /dev/null; ) > fs/9p/modules.order
make -f ../scripts/Makefile.build obj=fs/autofs4 need-builtin=1
(cat /dev/null; ) > fs/autofs4/modules.order
make -f ../scripts/Makefile.build obj=fs/btrfs need-builtin=
(cat /dev/null;   echo kernel/fs/btrfs/btrfs.ko;) > fs/btrfs/modules.order
make -f ../scripts/Makefile.build obj=fs/configfs need-builtin=1
(cat /dev/null; ) > fs/configfs/modules.order
make -f ../scripts/Makefile.build obj=fs/devpts need-builtin=1
(cat /dev/null; ) > fs/devpts/modules.order
make -f ../scripts/Makefile.build obj=fs/efivarfs need-builtin=1
(cat /dev/null; ) > fs/efivarfs/modules.order
make -f ../scripts/Makefile.build obj=fs/exofs need-builtin=1
(cat /dev/null; ) > fs/exofs/modules.order
make -f ../scripts/Makefile.build obj=fs/exportfs need-builtin=1
(cat /dev/null; ) > fs/exportfs/modules.order
make -f ../scripts/Makefile.build obj=fs/ext2 need-builtin=1
(cat /dev/null; ) > fs/ext2/modules.order
make -f ../scripts/Makefile.build obj=fs/ext4 need-builtin=1
(cat /dev/null; ) > fs/ext4/modules.order
make -f ../scripts/Makefile.build obj=fs/fat need-builtin=1
(cat /dev/null; ) > fs/fat/modules.order
make -f ../scripts/Makefile.build obj=fs/fuse need-builtin=
(cat /dev/null;   echo kernel/fs/fuse/fuse.ko;   echo kernel/fs/fuse/cuse.ko;) > fs/fuse/modules.order
make -f ../scripts/Makefile.build obj=fs/hugetlbfs need-builtin=1
(cat /dev/null; ) > fs/hugetlbfs/modules.order
make -f ../scripts/Makefile.build obj=fs/jbd2 need-builtin=1
(cat /dev/null; ) > fs/jbd2/modules.order
make -f ../scripts/Makefile.build obj=fs/kernfs need-builtin=1
(cat /dev/null; ) > fs/kernfs/modules.order
make -f ../scripts/Makefile.build obj=fs/lockd need-builtin=1
(cat /dev/null; ) > fs/lockd/modules.order
make -f ../scripts/Makefile.build obj=fs/nfs need-builtin=1
make -f ../scripts/Makefile.build obj=fs/nfs/filelayout need-builtin=1
(cat /dev/null; ) > fs/nfs/filelayout/modules.order
make -f ../scripts/Makefile.build obj=fs/nfs/flexfilelayout need-builtin=1
(cat /dev/null; ) > fs/nfs/flexfilelayout/modules.order
(cat /dev/null;   cat fs/nfs/filelayout/modules.order;   cat fs/nfs/flexfilelayout/modules.order;) > fs/nfs/modules.order
make -f ../scripts/Makefile.build obj=fs/nfs_common need-builtin=1
(cat /dev/null; ) > fs/nfs_common/modules.order
make -f ../scripts/Makefile.build obj=fs/nls need-builtin=1
(cat /dev/null; ) > fs/nls/modules.order
make -f ../scripts/Makefile.build obj=fs/notify need-builtin=1
make -f ../scripts/Makefile.build obj=fs/notify/dnotify need-builtin=1
(cat /dev/null; ) > fs/notify/dnotify/modules.order
make -f ../scripts/Makefile.build obj=fs/notify/fanotify need-builtin=1
(cat /dev/null; ) > fs/notify/fanotify/modules.order
make -f ../scripts/Makefile.build obj=fs/notify/inotify need-builtin=1
(cat /dev/null; ) > fs/notify/inotify/modules.order
(cat /dev/null;   cat fs/notify/dnotify/modules.order;   cat fs/notify/inotify/modules.order;   cat fs/notify/fanotify/modules.order;) > fs/notify/modules.order
make -f ../scripts/Makefile.build obj=fs/overlayfs need-builtin=
(cat /dev/null;   echo kernel/fs/overlayfs/overlay.ko;) > fs/overlayfs/modules.order
make -f ../scripts/Makefile.build obj=fs/proc need-builtin=1
(cat /dev/null; ) > fs/proc/modules.order
make -f ../scripts/Makefile.build obj=fs/pstore need-builtin=1
(cat /dev/null; ) > fs/pstore/modules.order
make -f ../scripts/Makefile.build obj=fs/quota need-builtin=1
(cat /dev/null; ) > fs/quota/modules.order
make -f ../scripts/Makefile.build obj=fs/ramfs need-builtin=1
(cat /dev/null; ) > fs/ramfs/modules.order
make -f ../scripts/Makefile.build obj=fs/squashfs need-builtin=1
(cat /dev/null; ) > fs/squashfs/modules.order
make -f ../scripts/Makefile.build obj=fs/sysfs need-builtin=1
(cat /dev/null; ) > fs/sysfs/modules.order
make -f ../scripts/Makefile.build obj=fs/tracefs need-builtin=1
(cat /dev/null; ) > fs/tracefs/modules.order
(cat /dev/null;   cat fs/notify/modules.order;   cat fs/nfs_common/modules.order;   cat fs/quota/modules.order;   cat fs/proc/modules.order;   cat fs/kernfs/modules.order;   cat fs/sysfs/modules.order;   cat fs/configfs/modules.order;   cat fs/devpts/modules.order;   cat fs/ext4/modules.order;   cat fs/ext2/modules.order;   cat fs/jbd2/modules.order;   cat fs/squashfs/modules.order;   cat fs/ramfs/modules.order;   cat fs/hugetlbfs/modules.order;   cat fs/fat/modules.order;   cat fs/nfs/modules.order;   cat fs/exportfs/modules.order;   cat fs/lockd/modules.order;   cat fs/nls/modules.order;   cat fs/autofs4/modules.order;   cat fs/9p/modules.order;   cat fs/tracefs/modules.order;   cat fs/exofs/modules.order;   cat fs/pstore/modules.order;   cat fs/efivarfs/modules.order;   cat fs/fuse/modules.order;   cat fs/overlayfs/modules.order;   cat fs/btrfs/modules.order;) > fs/modules.order
make -f ../scripts/Makefile.build obj=ipc need-builtin=1
  if [ "" = "-pg" ]; then if [ kernel/events/core.o != "scripts/mod/empty.o" ]; then ./scripts/recordmcount  "kernel/events/core.o"; fi; fi;
  clang -Wp,-MD,kernel/events/.ring_buffer.o.d -nostdinc -isystem /usr/lib/llvm-14/lib/clang/14.0.0/include -I../arch/arm64/include -I./arch/arm64/include/generated  -I../include -I./include -I../arch/arm64/include/uapi -I./arch/arm64/include/generated/uapi -I../include/uapi -I./include/generated/uapi -include ../include/linux/kconfig.h  -I../kernel/events -Ikernel/events -D__KERNEL__ -Qunused-arguments -mlittle-endian -DKASAN_SHADOW_SCALE_SHIFT=3 -Wall -Wundef -Wstrict-prototypes -Wno-trigraphs -pipe -fno-strict-aliasing -fno-common -fshort-wchar -Werror-implicit-function-declaration -Wno-format-security -std=gnu89 -Werror=vla --target=aarch64-linux-gnu --prefix=/usr/bin/aarch64-linux-gnu- --gcc-toolchain=/usr -no-integrated-as -Werror=unknown-warning-option -Wno-misleading-indentation -Wno-bool-operation -Wno-unsequenced -fuse-ld=lld -fno-PIE -mno-implicit-float -DCONFIG_AS_LSE=1 -fno-asynchronous-unwind-tables -fno-pic -DCONFIG_ARCH_SUPPORTS_INT128 -Wno-asm-operand-widths -DKASAN_SHADOW_SCALE_SHIFT=3 -fno-delete-null-pointer-checks -Wno-frame-address -Wno-int-in-bool-context -Wno-address-of-packed-member -Wno-address -O2 --param=allow-store-data-races=0 -DCC_HAVE_ASM_GOTO -Wframe-larger-than=2048 -fno-stack-protector -Wno-format-invalid-specifier -Wno-gnu -Wno-duplicate-decl-specifier -Wno-tautological-constant-out-of-range-compare -Wno-sometimes-uninitialized -Wno-tautological-compare -mno-global-merge -fno-delete-null-pointer-checks -Wno-unused-but-set-variable -Wno-unused-const-variable -fno-omit-frame-pointer -fno-optimize-sibling-calls -ftrivial-auto-var-init=zero -enable-trivial-auto-var-init-zero-knowing-it-will-be-removed-from-clang -g -pg -Wdeclaration-after-statement -Wno-pointer-sign -Wno-format -Wno-array-bounds -fno-strict-overflow -fno-merge-all-constants -fno-stack-check -Werror=implicit-int -Werror=strict-prototypes -Werror=date-time -Werror=incompatible-pointer-types -fmacro-prefix-map=../= -Wno-initializer-overrides -Wno-unused-value -Wno-format -Wno-sign-compare -Wno-format-zero-length -Wno-uninitialized -Wno-pointer-to-enum-cast -Wno-unaligned-access -Wno-void-ptr-dereference -Wno-enum-compare-conditional -Wno-enum-enum-conversion    -DKBUILD_BASENAME='"ring_buffer"'  -DKBUILD_MODNAME='"ring_buffer"' -c -o kernel/events/ring_buffer.o ../kernel/events/ring_buffer.c
  clang -Wp,-MD,ipc/.compat.o.d -nostdinc -isystem /usr/lib/llvm-14/lib/clang/14.0.0/include -I../arch/arm64/include -I./arch/arm64/include/generated  -I../include -I./include -I../arch/arm64/include/uapi -I./arch/arm64/include/generated/uapi -I../include/uapi -I./include/generated/uapi -include ../include/linux/kconfig.h  -I../ipc -Iipc -D__KERNEL__ -Qunused-arguments -mlittle-endian -DKASAN_SHADOW_SCALE_SHIFT=3 -Wall -Wundef -Wstrict-prototypes -Wno-trigraphs -pipe -fno-strict-aliasing -fno-common -fshort-wchar -Werror-implicit-function-declaration -Wno-format-security -std=gnu89 -Werror=vla --target=aarch64-linux-gnu --prefix=/usr/bin/aarch64-linux-gnu- --gcc-toolchain=/usr -no-integrated-as -Werror=unknown-warning-option -Wno-misleading-indentation -Wno-bool-operation -Wno-unsequenced -fuse-ld=lld -fno-PIE -mno-implicit-float -DCONFIG_AS_LSE=1 -fno-asynchronous-unwind-tables -fno-pic -DCONFIG_ARCH_SUPPORTS_INT128 -Wno-asm-operand-widths -DKASAN_SHADOW_SCALE_SHIFT=3 -fno-delete-null-pointer-checks -Wno-frame-address -Wno-int-in-bool-context -Wno-address-of-packed-member -Wno-address -O2 --param=allow-store-data-races=0 -DCC_HAVE_ASM_GOTO -Wframe-larger-than=2048 -fno-stack-protector -Wno-format-invalid-specifier -Wno-gnu -Wno-duplicate-decl-specifier -Wno-tautological-constant-out-of-range-compare -Wno-sometimes-uninitialized -Wno-tautological-compare -mno-global-merge -fno-delete-null-pointer-checks -Wno-unused-but-set-variable -Wno-unused-const-variable -fno-omit-frame-pointer -fno-optimize-sibling-calls -ftrivial-auto-var-init=zero -enable-trivial-auto-var-init-zero-knowing-it-will-be-removed-from-clang -g -pg -Wdeclaration-after-statement -Wno-pointer-sign -Wno-format -Wno-array-bounds -fno-strict-overflow -fno-merge-all-constants -fno-stack-check -Werror=implicit-int -Werror=strict-prototypes -Werror=date-time -Werror=incompatible-pointer-types -fmacro-prefix-map=../= -Wno-initializer-overrides -Wno-unused-value -Wno-format -Wno-sign-compare -Wno-format-zero-length -Wno-uninitialized -Wno-pointer-to-enum-cast -Wno-unaligned-access -Wno-void-ptr-dereference -Wno-enum-compare-conditional -Wno-enum-enum-conversion    -DKBUILD_BASENAME='"compat"'  -DKBUILD_MODNAME='"compat"' -c -o ipc/compat.o ../ipc/compat.c
  if [ "-pg" = "-pg" ]; then if [ ipc/compat.o != "scripts/mod/empty.o" ]; then ./scripts/recordmcount  "ipc/compat.o"; fi; fi;
  clang -Wp,-MD,ipc/.util.o.d -nostdinc -isystem /usr/lib/llvm-14/lib/clang/14.0.0/include -I../arch/arm64/include -I./arch/arm64/include/generated  -I../include -I./include -I../arch/arm64/include/uapi -I./arch/arm64/include/generated/uapi -I../include/uapi -I./include/generated/uapi -include ../include/linux/kconfig.h  -I../ipc -Iipc -D__KERNEL__ -Qunused-arguments -mlittle-endian -DKASAN_SHADOW_SCALE_SHIFT=3 -Wall -Wundef -Wstrict-prototypes -Wno-trigraphs -pipe -fno-strict-aliasing -fno-common -fshort-wchar -Werror-implicit-function-declaration -Wno-format-security -std=gnu89 -Werror=vla --target=aarch64-linux-gnu --prefix=/usr/bin/aarch64-linux-gnu- --gcc-toolchain=/usr -no-integrated-as -Werror=unknown-warning-option -Wno-misleading-indentation -Wno-bool-operation -Wno-unsequenced -fuse-ld=lld -fno-PIE -mno-implicit-float -DCONFIG_AS_LSE=1 -fno-asynchronous-unwind-tables -fno-pic -DCONFIG_ARCH_SUPPORTS_INT128 -Wno-asm-operand-widths -DKASAN_SHADOW_SCALE_SHIFT=3 -fno-delete-null-pointer-checks -Wno-frame-address -Wno-int-in-bool-context -Wno-address-of-packed-member -Wno-address -O2 --param=allow-store-data-races=0 -DCC_HAVE_ASM_GOTO -Wframe-larger-than=2048 -fno-stack-protector -Wno-format-invalid-specifier -Wno-gnu -Wno-duplicate-decl-specifier -Wno-tautological-constant-out-of-range-compare -Wno-sometimes-uninitialized -Wno-tautological-compare -mno-global-merge -fno-delete-null-pointer-checks -Wno-unused-but-set-variable -Wno-unused-const-variable -fno-omit-frame-pointer -fno-optimize-sibling-calls -ftrivial-auto-var-init=zero -enable-trivial-auto-var-init-zero-knowing-it-will-be-removed-from-clang -g -pg -Wdeclaration-after-statement -Wno-pointer-sign -Wno-format -Wno-array-bounds -fno-strict-overflow -fno-merge-all-constants -fno-stack-check -Werror=implicit-int -Werror=strict-prototypes -Werror=date-time -Werror=incompatible-pointer-types -fmacro-prefix-map=../= -Wno-initializer-overrides -Wno-unused-value -Wno-format -Wno-sign-compare -Wno-format-zero-length -Wno-uninitialized -Wno-pointer-to-enum-cast -Wno-unaligned-access -Wno-void-ptr-dereference -Wno-enum-compare-conditional -Wno-enum-enum-conversion    -DKBUILD_BASENAME='"util"'  -DKBUILD_MODNAME='"util"' -c -o ipc/util.o ../ipc/util.c
  if [ "-pg" = "-pg" ]; then if [ kernel/events/ring_buffer.o != "scripts/mod/empty.o" ]; then ./scripts/recordmcount  "kernel/events/ring_buffer.o"; fi; fi;
  clang -Wp,-MD,kernel/events/.callchain.o.d -nostdinc -isystem /usr/lib/llvm-14/lib/clang/14.0.0/include -I../arch/arm64/include -I./arch/arm64/include/generated  -I../include -I./include -I../arch/arm64/include/uapi -I./arch/arm64/include/generated/uapi -I../include/uapi -I./include/generated/uapi -include ../include/linux/kconfig.h  -I../kernel/events -Ikernel/events -D__KERNEL__ -Qunused-arguments -mlittle-endian -DKASAN_SHADOW_SCALE_SHIFT=3 -Wall -Wundef -Wstrict-prototypes -Wno-trigraphs -pipe -fno-strict-aliasing -fno-common -fshort-wchar -Werror-implicit-function-declaration -Wno-format-security -std=gnu89 -Werror=vla --target=aarch64-linux-gnu --prefix=/usr/bin/aarch64-linux-gnu- --gcc-toolchain=/usr -no-integrated-as -Werror=unknown-warning-option -Wno-misleading-indentation -Wno-bool-operation -Wno-unsequenced -fuse-ld=lld -fno-PIE -mno-implicit-float -DCONFIG_AS_LSE=1 -fno-asynchronous-unwind-tables -fno-pic -DCONFIG_ARCH_SUPPORTS_INT128 -Wno-asm-operand-widths -DKASAN_SHADOW_SCALE_SHIFT=3 -fno-delete-null-pointer-checks -Wno-frame-address -Wno-int-in-bool-context -Wno-address-of-packed-member -Wno-address -O2 --param=allow-store-data-races=0 -DCC_HAVE_ASM_GOTO -Wframe-larger-than=2048 -fno-stack-protector -Wno-format-invalid-specifier -Wno-gnu -Wno-duplicate-decl-specifier -Wno-tautological-constant-out-of-range-compare -Wno-sometimes-uninitialized -Wno-tautological-compare -mno-global-merge -fno-delete-null-pointer-checks -Wno-unused-but-set-variable -Wno-unused-const-variable -fno-omit-frame-pointer -fno-optimize-sibling-calls -ftrivial-auto-var-init=zero -enable-trivial-auto-var-init-zero-knowing-it-will-be-removed-from-clang -g -pg -Wdeclaration-after-statement -Wno-pointer-sign -Wno-format -Wno-array-bounds -fno-strict-overflow -fno-merge-all-constants -fno-stack-check -Werror=implicit-int -Werror=strict-prototypes -Werror=date-time -Werror=incompatible-pointer-types -fmacro-prefix-map=../= -Wno-initializer-overrides -Wno-unused-value -Wno-format -Wno-sign-compare -Wno-format-zero-length -Wno-uninitialized -Wno-pointer-to-enum-cast -Wno-unaligned-access -Wno-void-ptr-dereference -Wno-enum-compare-conditional -Wno-enum-enum-conversion    -DKBUILD_BASENAME='"callchain"'  -DKBUILD_MODNAME='"callchain"' -c -o kernel/events/callchain.o ../kernel/events/callchain.c
  if [ "-pg" = "-pg" ]; then if [ kernel/events/callchain.o != "scripts/mod/empty.o" ]; then ./scripts/recordmcount  "kernel/events/callchain.o"; fi; fi;
  clang -Wp,-MD,kernel/events/.uprobes.o.d -nostdinc -isystem /usr/lib/llvm-14/lib/clang/14.0.0/include -I../arch/arm64/include -I./arch/arm64/include/generated  -I../include -I./include -I../arch/arm64/include/uapi -I./arch/arm64/include/generated/uapi -I../include/uapi -I./include/generated/uapi -include ../include/linux/kconfig.h  -I../kernel/events -Ikernel/events -D__KERNEL__ -Qunused-arguments -mlittle-endian -DKASAN_SHADOW_SCALE_SHIFT=3 -Wall -Wundef -Wstrict-prototypes -Wno-trigraphs -pipe -fno-strict-aliasing -fno-common -fshort-wchar -Werror-implicit-function-declaration -Wno-format-security -std=gnu89 -Werror=vla --target=aarch64-linux-gnu --prefix=/usr/bin/aarch64-linux-gnu- --gcc-toolchain=/usr -no-integrated-as -Werror=unknown-warning-option -Wno-misleading-indentation -Wno-bool-operation -Wno-unsequenced -fuse-ld=lld -fno-PIE -mno-implicit-float -DCONFIG_AS_LSE=1 -fno-asynchronous-unwind-tables -fno-pic -DCONFIG_ARCH_SUPPORTS_INT128 -Wno-asm-operand-widths -DKASAN_SHADOW_SCALE_SHIFT=3 -fno-delete-null-pointer-checks -Wno-frame-address -Wno-int-in-bool-context -Wno-address-of-packed-member -Wno-address -O2 --param=allow-store-data-races=0 -DCC_HAVE_ASM_GOTO -Wframe-larger-than=2048 -fno-stack-protector -Wno-format-invalid-specifier -Wno-gnu -Wno-duplicate-decl-specifier -Wno-tautological-constant-out-of-range-compare -Wno-sometimes-uninitialized -Wno-tautological-compare -mno-global-merge -fno-delete-null-pointer-checks -Wno-unused-but-set-variable -Wno-unused-const-variable -fno-omit-frame-pointer -fno-optimize-sibling-calls -ftrivial-auto-var-init=zero -enable-trivial-auto-var-init-zero-knowing-it-will-be-removed-from-clang -g -pg -Wdeclaration-after-statement -Wno-pointer-sign -Wno-format -Wno-array-bounds -fno-strict-overflow -fno-merge-all-constants -fno-stack-check -Werror=implicit-int -Werror=strict-prototypes -Werror=date-time -Werror=incompatible-pointer-types -fmacro-prefix-map=../= -Wno-initializer-overrides -Wno-unused-value -Wno-format -Wno-sign-compare -Wno-format-zero-length -Wno-uninitialized -Wno-pointer-to-enum-cast -Wno-unaligned-access -Wno-void-ptr-dereference -Wno-enum-compare-conditional -Wno-enum-enum-conversion    -DKBUILD_BASENAME='"uprobes"'  -DKBUILD_MODNAME='"uprobes"' -c -o kernel/events/uprobes.o ../kernel/events/uprobes.c
  if [ "-pg" = "-pg" ]; then if [ ipc/util.o != "scripts/mod/empty.o" ]; then ./scripts/recordmcount  "ipc/util.o"; fi; fi;
  clang -Wp,-MD,ipc/.msgutil.o.d -nostdinc -isystem /usr/lib/llvm-14/lib/clang/14.0.0/include -I../arch/arm64/include -I./arch/arm64/include/generated  -I../include -I./include -I../arch/arm64/include/uapi -I./arch/arm64/include/generated/uapi -I../include/uapi -I./include/generated/uapi -include ../include/linux/kconfig.h  -I../ipc -Iipc -D__KERNEL__ -Qunused-arguments -mlittle-endian -DKASAN_SHADOW_SCALE_SHIFT=3 -Wall -Wundef -Wstrict-prototypes -Wno-trigraphs -pipe -fno-strict-aliasing -fno-common -fshort-wchar -Werror-implicit-function-declaration -Wno-format-security -std=gnu89 -Werror=vla --target=aarch64-linux-gnu --prefix=/usr/bin/aarch64-linux-gnu- --gcc-toolchain=/usr -no-integrated-as -Werror=unknown-warning-option -Wno-misleading-indentation -Wno-bool-operation -Wno-unsequenced -fuse-ld=lld -fno-PIE -mno-implicit-float -DCONFIG_AS_LSE=1 -fno-asynchronous-unwind-tables -fno-pic -DCONFIG_ARCH_SUPPORTS_INT128 -Wno-asm-operand-widths -DKASAN_SHADOW_SCALE_SHIFT=3 -fno-delete-null-pointer-checks -Wno-frame-address -Wno-int-in-bool-context -Wno-address-of-packed-member -Wno-address -O2 --param=allow-store-data-races=0 -DCC_HAVE_ASM_GOTO -Wframe-larger-than=2048 -fno-stack-protector -Wno-format-invalid-specifier -Wno-gnu -Wno-duplicate-decl-specifier -Wno-tautological-constant-out-of-range-compare -Wno-sometimes-uninitialized -Wno-tautological-compare -mno-global-merge -fno-delete-null-pointer-checks -Wno-unused-but-set-variable -Wno-unused-const-variable -fno-omit-frame-pointer -fno-optimize-sibling-calls -ftrivial-auto-var-init=zero -enable-trivial-auto-var-init-zero-knowing-it-will-be-removed-from-clang -g -pg -Wdeclaration-after-statement -Wno-pointer-sign -Wno-format -Wno-array-bounds -fno-strict-overflow -fno-merge-all-constants -fno-stack-check -Werror=implicit-int -Werror=strict-prototypes -Werror=date-time -Werror=incompatible-pointer-types -fmacro-prefix-map=../= -Wno-initializer-overrides -Wno-unused-value -Wno-format -Wno-sign-compare -Wno-format-zero-length -Wno-uninitialized -Wno-pointer-to-enum-cast -Wno-unaligned-access -Wno-void-ptr-dereference -Wno-enum-compare-conditional -Wno-enum-enum-conversion    -DKBUILD_BASENAME='"msgutil"'  -DKBUILD_MODNAME='"msgutil"' -c -o ipc/msgutil.o ../ipc/msgutil.c
  if [ "-pg" = "-pg" ]; then if [ ipc/msgutil.o != "scripts/mod/empty.o" ]; then ./scripts/recordmcount  "ipc/msgutil.o"; fi; fi;
  clang -Wp,-MD,ipc/.msg.o.d -nostdinc -isystem /usr/lib/llvm-14/lib/clang/14.0.0/include -I../arch/arm64/include -I./arch/arm64/include/generated  -I../include -I./include -I../arch/arm64/include/uapi -I./arch/arm64/include/generated/uapi -I../include/uapi -I./include/generated/uapi -include ../include/linux/kconfig.h  -I../ipc -Iipc -D__KERNEL__ -Qunused-arguments -mlittle-endian -DKASAN_SHADOW_SCALE_SHIFT=3 -Wall -Wundef -Wstrict-prototypes -Wno-trigraphs -pipe -fno-strict-aliasing -fno-common -fshort-wchar -Werror-implicit-function-declaration -Wno-format-security -std=gnu89 -Werror=vla --target=aarch64-linux-gnu --prefix=/usr/bin/aarch64-linux-gnu- --gcc-toolchain=/usr -no-integrated-as -Werror=unknown-warning-option -Wno-misleading-indentation -Wno-bool-operation -Wno-unsequenced -fuse-ld=lld -fno-PIE -mno-implicit-float -DCONFIG_AS_LSE=1 -fno-asynchronous-unwind-tables -fno-pic -DCONFIG_ARCH_SUPPORTS_INT128 -Wno-asm-operand-widths -DKASAN_SHADOW_SCALE_SHIFT=3 -fno-delete-null-pointer-checks -Wno-frame-address -Wno-int-in-bool-context -Wno-address-of-packed-member -Wno-address -O2 --param=allow-store-data-races=0 -DCC_HAVE_ASM_GOTO -Wframe-larger-than=2048 -fno-stack-protector -Wno-format-invalid-specifier -Wno-gnu -Wno-duplicate-decl-specifier -Wno-tautological-constant-out-of-range-compare -Wno-sometimes-uninitialized -Wno-tautological-compare -mno-global-merge -fno-delete-null-pointer-checks -Wno-unused-but-set-variable -Wno-unused-const-variable -fno-omit-frame-pointer -fno-optimize-sibling-calls -ftrivial-auto-var-init=zero -enable-trivial-auto-var-init-zero-knowing-it-will-be-removed-from-clang -g -pg -Wdeclaration-after-statement -Wno-pointer-sign -Wno-format -Wno-array-bounds -fno-strict-overflow -fno-merge-all-constants -fno-stack-check -Werror=implicit-int -Werror=strict-prototypes -Werror=date-time -Werror=incompatible-pointer-types -fmacro-prefix-map=../= -Wno-initializer-overrides -Wno-unused-value -Wno-format -Wno-sign-compare -Wno-format-zero-length -Wno-uninitialized -Wno-pointer-to-enum-cast -Wno-unaligned-access -Wno-void-ptr-dereference -Wno-enum-compare-conditional -Wno-enum-enum-conversion    -DKBUILD_BASENAME='"msg"'  -DKBUILD_MODNAME='"msg"' -c -o ipc/msg.o ../ipc/msg.c
  if [ "-pg" = "-pg" ]; then if [ kernel/events/uprobes.o != "scripts/mod/empty.o" ]; then ./scripts/recordmcount  "kernel/events/uprobes.o"; fi; fi;
(cat /dev/null; ) > kernel/events/modules.order
    rm -f kernel/events/built-in.o; llvm-ar rcSTPD kernel/events/built-in.o kernel/events/core.o kernel/events/ring_buffer.o kernel/events/callchain.o kernel/events/uprobes.o 
  clang -Wp,-MD,ipc/.sem.o.d -nostdinc -isystem /usr/lib/llvm-14/lib/clang/14.0.0/include -I../arch/arm64/include -I./arch/arm64/include/generated  -I../include -I./include -I../arch/arm64/include/uapi -I./arch/arm64/include/generated/uapi -I../include/uapi -I./include/generated/uapi -include ../include/linux/kconfig.h  -I../ipc -Iipc -D__KERNEL__ -Qunused-arguments -mlittle-endian -DKASAN_SHADOW_SCALE_SHIFT=3 -Wall -Wundef -Wstrict-prototypes -Wno-trigraphs -pipe -fno-strict-aliasing -fno-common -fshort-wchar -Werror-implicit-function-declaration -Wno-format-security -std=gnu89 -Werror=vla --target=aarch64-linux-gnu --prefix=/usr/bin/aarch64-linux-gnu- --gcc-toolchain=/usr -no-integrated-as -Werror=unknown-warning-option -Wno-misleading-indentation -Wno-bool-operation -Wno-unsequenced -fuse-ld=lld -fno-PIE -mno-implicit-float -DCONFIG_AS_LSE=1 -fno-asynchronous-unwind-tables -fno-pic -DCONFIG_ARCH_SUPPORTS_INT128 -Wno-asm-operand-widths -DKASAN_SHADOW_SCALE_SHIFT=3 -fno-delete-null-pointer-checks -Wno-frame-address -Wno-int-in-bool-context -Wno-address-of-packed-member -Wno-address -O2 --param=allow-store-data-races=0 -DCC_HAVE_ASM_GOTO -Wframe-larger-than=2048 -fno-stack-protector -Wno-format-invalid-specifier -Wno-gnu -Wno-duplicate-decl-specifier -Wno-tautological-constant-out-of-range-compare -Wno-sometimes-uninitialized -Wno-tautological-compare -mno-global-merge -fno-delete-null-pointer-checks -Wno-unused-but-set-variable -Wno-unused-const-variable -fno-omit-frame-pointer -fno-optimize-sibling-calls -ftrivial-auto-var-init=zero -enable-trivial-auto-var-init-zero-knowing-it-will-be-removed-from-clang -g -pg -Wdeclaration-after-statement -Wno-pointer-sign -Wno-format -Wno-array-bounds -fno-strict-overflow -fno-merge-all-constants -fno-stack-check -Werror=implicit-int -Werror=strict-prototypes -Werror=date-time -Werror=incompatible-pointer-types -fmacro-prefix-map=../= -Wno-initializer-overrides -Wno-unused-value -Wno-format -Wno-sign-compare -Wno-format-zero-length -Wno-uninitialized -Wno-pointer-to-enum-cast -Wno-unaligned-access -Wno-void-ptr-dereference -Wno-enum-compare-conditional -Wno-enum-enum-conversion    -DKBUILD_BASENAME='"sem"'  -DKBUILD_MODNAME='"sem"' -c -o ipc/sem.o ../ipc/sem.c
  if [ "-pg" = "-pg" ]; then if [ ipc/msg.o != "scripts/mod/empty.o" ]; then ./scripts/recordmcount  "ipc/msg.o"; fi; fi;
  clang -Wp,-MD,ipc/.shm.o.d -nostdinc -isystem /usr/lib/llvm-14/lib/clang/14.0.0/include -I../arch/arm64/include -I./arch/arm64/include/generated  -I../include -I./include -I../arch/arm64/include/uapi -I./arch/arm64/include/generated/uapi -I../include/uapi -I./include/generated/uapi -include ../include/linux/kconfig.h  -I../ipc -Iipc -D__KERNEL__ -Qunused-arguments -mlittle-endian -DKASAN_SHADOW_SCALE_SHIFT=3 -Wall -Wundef -Wstrict-prototypes -Wno-trigraphs -pipe -fno-strict-aliasing -fno-common -fshort-wchar -Werror-implicit-function-declaration -Wno-format-security -std=gnu89 -Werror=vla --target=aarch64-linux-gnu --prefix=/usr/bin/aarch64-linux-gnu- --gcc-toolchain=/usr -no-integrated-as -Werror=unknown-warning-option -Wno-misleading-indentation -Wno-bool-operation -Wno-unsequenced -fuse-ld=lld -fno-PIE -mno-implicit-float -DCONFIG_AS_LSE=1 -fno-asynchronous-unwind-tables -fno-pic -DCONFIG_ARCH_SUPPORTS_INT128 -Wno-asm-operand-widths -DKASAN_SHADOW_SCALE_SHIFT=3 -fno-delete-null-pointer-checks -Wno-frame-address -Wno-int-in-bool-context -Wno-address-of-packed-member -Wno-address -O2 --param=allow-store-data-races=0 -DCC_HAVE_ASM_GOTO -Wframe-larger-than=2048 -fno-stack-protector -Wno-format-invalid-specifier -Wno-gnu -Wno-duplicate-decl-specifier -Wno-tautological-constant-out-of-range-compare -Wno-sometimes-uninitialized -Wno-tautological-compare -mno-global-merge -fno-delete-null-pointer-checks -Wno-unused-but-set-variable -Wno-unused-const-variable -fno-omit-frame-pointer -fno-optimize-sibling-calls -ftrivial-auto-var-init=zero -enable-trivial-auto-var-init-zero-knowing-it-will-be-removed-from-clang -g -pg -Wdeclaration-after-statement -Wno-pointer-sign -Wno-format -Wno-array-bounds -fno-strict-overflow -fno-merge-all-constants -fno-stack-check -Werror=implicit-int -Werror=strict-prototypes -Werror=date-time -Werror=incompatible-pointer-types -fmacro-prefix-map=../= -Wno-initializer-overrides -Wno-unused-value -Wno-format -Wno-sign-compare -Wno-format-zero-length -Wno-uninitialized -Wno-pointer-to-enum-cast -Wno-unaligned-access -Wno-void-ptr-dereference -Wno-enum-compare-conditional -Wno-enum-enum-conversion    -DKBUILD_BASENAME='"shm"'  -DKBUILD_MODNAME='"shm"' -c -o ipc/shm.o ../ipc/shm.c
  if [ "-pg" = "-pg" ]; then if [ ipc/sem.o != "scripts/mod/empty.o" ]; then ./scripts/recordmcount  "ipc/sem.o"; fi; fi;
  clang -Wp,-MD,ipc/.syscall.o.d -nostdinc -isystem /usr/lib/llvm-14/lib/clang/14.0.0/include -I../arch/arm64/include -I./arch/arm64/include/generated  -I../include -I./include -I../arch/arm64/include/uapi -I./arch/arm64/include/generated/uapi -I../include/uapi -I./include/generated/uapi -include ../include/linux/kconfig.h  -I../ipc -Iipc -D__KERNEL__ -Qunused-arguments -mlittle-endian -DKASAN_SHADOW_SCALE_SHIFT=3 -Wall -Wundef -Wstrict-prototypes -Wno-trigraphs -pipe -fno-strict-aliasing -fno-common -fshort-wchar -Werror-implicit-function-declaration -Wno-format-security -std=gnu89 -Werror=vla --target=aarch64-linux-gnu --prefix=/usr/bin/aarch64-linux-gnu- --gcc-toolchain=/usr -no-integrated-as -Werror=unknown-warning-option -Wno-misleading-indentation -Wno-bool-operation -Wno-unsequenced -fuse-ld=lld -fno-PIE -mno-implicit-float -DCONFIG_AS_LSE=1 -fno-asynchronous-unwind-tables -fno-pic -DCONFIG_ARCH_SUPPORTS_INT128 -Wno-asm-operand-widths -DKASAN_SHADOW_SCALE_SHIFT=3 -fno-delete-null-pointer-checks -Wno-frame-address -Wno-int-in-bool-context -Wno-address-of-packed-member -Wno-address -O2 --param=allow-store-data-races=0 -DCC_HAVE_ASM_GOTO -Wframe-larger-than=2048 -fno-stack-protector -Wno-format-invalid-specifier -Wno-gnu -Wno-duplicate-decl-specifier -Wno-tautological-constant-out-of-range-compare -Wno-sometimes-uninitialized -Wno-tautological-compare -mno-global-merge -fno-delete-null-pointer-checks -Wno-unused-but-set-variable -Wno-unused-const-variable -fno-omit-frame-pointer -fno-optimize-sibling-calls -ftrivial-auto-var-init=zero -enable-trivial-auto-var-init-zero-knowing-it-will-be-removed-from-clang -g -pg -Wdeclaration-after-statement -Wno-pointer-sign -Wno-format -Wno-array-bounds -fno-strict-overflow -fno-merge-all-constants -fno-stack-check -Werror=implicit-int -Werror=strict-prototypes -Werror=date-time -Werror=incompatible-pointer-types -fmacro-prefix-map=../= -Wno-initializer-overrides -Wno-unused-value -Wno-format -Wno-sign-compare -Wno-format-zero-length -Wno-uninitialized -Wno-pointer-to-enum-cast -Wno-unaligned-access -Wno-void-ptr-dereference -Wno-enum-compare-conditional -Wno-enum-enum-conversion    -DKBUILD_BASENAME='"syscall"'  -DKBUILD_MODNAME='"syscall"' -c -o ipc/syscall.o ../ipc/syscall.c
  if [ "-pg" = "-pg" ]; then if [ ipc/shm.o != "scripts/mod/empty.o" ]; then ./scripts/recordmcount  "ipc/shm.o"; fi; fi;
  clang -Wp,-MD,ipc/.ipc_sysctl.o.d -nostdinc -isystem /usr/lib/llvm-14/lib/clang/14.0.0/include -I../arch/arm64/include -I./arch/arm64/include/generated  -I../include -I./include -I../arch/arm64/include/uapi -I./arch/arm64/include/generated/uapi -I../include/uapi -I./include/generated/uapi -include ../include/linux/kconfig.h  -I../ipc -Iipc -D__KERNEL__ -Qunused-arguments -mlittle-endian -DKASAN_SHADOW_SCALE_SHIFT=3 -Wall -Wundef -Wstrict-prototypes -Wno-trigraphs -pipe -fno-strict-aliasing -fno-common -fshort-wchar -Werror-implicit-function-declaration -Wno-format-security -std=gnu89 -Werror=vla --target=aarch64-linux-gnu --prefix=/usr/bin/aarch64-linux-gnu- --gcc-toolchain=/usr -no-integrated-as -Werror=unknown-warning-option -Wno-misleading-indentation -Wno-bool-operation -Wno-unsequenced -fuse-ld=lld -fno-PIE -mno-implicit-float -DCONFIG_AS_LSE=1 -fno-asynchronous-unwind-tables -fno-pic -DCONFIG_ARCH_SUPPORTS_INT128 -Wno-asm-operand-widths -DKASAN_SHADOW_SCALE_SHIFT=3 -fno-delete-null-pointer-checks -Wno-frame-address -Wno-int-in-bool-context -Wno-address-of-packed-member -Wno-address -O2 --param=allow-store-data-races=0 -DCC_HAVE_ASM_GOTO -Wframe-larger-than=2048 -fno-stack-protector -Wno-format-invalid-specifier -Wno-gnu -Wno-duplicate-decl-specifier -Wno-tautological-constant-out-of-range-compare -Wno-sometimes-uninitialized -Wno-tautological-compare -mno-global-merge -fno-delete-null-pointer-checks -Wno-unused-but-set-variable -Wno-unused-const-variable -fno-omit-frame-pointer -fno-optimize-sibling-calls -ftrivial-auto-var-init=zero -enable-trivial-auto-var-init-zero-knowing-it-will-be-removed-from-clang -g -pg -Wdeclaration-after-statement -Wno-pointer-sign -Wno-format -Wno-array-bounds -fno-strict-overflow -fno-merge-all-constants -fno-stack-check -Werror=implicit-int -Werror=strict-prototypes -Werror=date-time -Werror=incompatible-pointer-types -fmacro-prefix-map=../= -Wno-initializer-overrides -Wno-unused-value -Wno-format -Wno-sign-compare -Wno-format-zero-length -Wno-uninitialized -Wno-pointer-to-enum-cast -Wno-unaligned-access -Wno-void-ptr-dereference -Wno-enum-compare-conditional -Wno-enum-enum-conversion    -DKBUILD_BASENAME='"ipc_sysctl"'  -DKBUILD_MODNAME='"ipc_sysctl"' -c -o ipc/ipc_sysctl.o ../ipc/ipc_sysctl.c
  if [ "-pg" = "-pg" ]; then if [ ipc/syscall.o != "scripts/mod/empty.o" ]; then ./scripts/recordmcount  "ipc/syscall.o"; fi; fi;
  clang -Wp,-MD,ipc/.mqueue.o.d -nostdinc -isystem /usr/lib/llvm-14/lib/clang/14.0.0/include -I../arch/arm64/include -I./arch/arm64/include/generated  -I../include -I./include -I../arch/arm64/include/uapi -I./arch/arm64/include/generated/uapi -I../include/uapi -I./include/generated/uapi -include ../include/linux/kconfig.h  -I../ipc -Iipc -D__KERNEL__ -Qunused-arguments -mlittle-endian -DKASAN_SHADOW_SCALE_SHIFT=3 -Wall -Wundef -Wstrict-prototypes -Wno-trigraphs -pipe -fno-strict-aliasing -fno-common -fshort-wchar -Werror-implicit-function-declaration -Wno-format-security -std=gnu89 -Werror=vla --target=aarch64-linux-gnu --prefix=/usr/bin/aarch64-linux-gnu- --gcc-toolchain=/usr -no-integrated-as -Werror=unknown-warning-option -Wno-misleading-indentation -Wno-bool-operation -Wno-unsequenced -fuse-ld=lld -fno-PIE -mno-implicit-float -DCONFIG_AS_LSE=1 -fno-asynchronous-unwind-tables -fno-pic -DCONFIG_ARCH_SUPPORTS_INT128 -Wno-asm-operand-widths -DKASAN_SHADOW_SCALE_SHIFT=3 -fno-delete-null-pointer-checks -Wno-frame-address -Wno-int-in-bool-context -Wno-address-of-packed-member -Wno-address -O2 --param=allow-store-data-races=0 -DCC_HAVE_ASM_GOTO -Wframe-larger-than=2048 -fno-stack-protector -Wno-format-invalid-specifier -Wno-gnu -Wno-duplicate-decl-specifier -Wno-tautological-constant-out-of-range-compare -Wno-sometimes-uninitialized -Wno-tautological-compare -mno-global-merge -fno-delete-null-pointer-checks -Wno-unused-but-set-variable -Wno-unused-const-variable -fno-omit-frame-pointer -fno-optimize-sibling-calls -ftrivial-auto-var-init=zero -enable-trivial-auto-var-init-zero-knowing-it-will-be-removed-from-clang -g -pg -Wdeclaration-after-statement -Wno-pointer-sign -Wno-format -Wno-array-bounds -fno-strict-overflow -fno-merge-all-constants -fno-stack-check -Werror=implicit-int -Werror=strict-prototypes -Werror=date-time -Werror=incompatible-pointer-types -fmacro-prefix-map=../= -Wno-initializer-overrides -Wno-unused-value -Wno-format -Wno-sign-compare -Wno-format-zero-length -Wno-uninitialized -Wno-pointer-to-enum-cast -Wno-unaligned-access -Wno-void-ptr-dereference -Wno-enum-compare-conditional -Wno-enum-enum-conversion    -DKBUILD_BASENAME='"mqueue"'  -DKBUILD_MODNAME='"mqueue"' -c -o ipc/mqueue.o ../ipc/mqueue.c
  if [ "-pg" = "-pg" ]; then if [ ipc/ipc_sysctl.o != "scripts/mod/empty.o" ]; then ./scripts/recordmcount  "ipc/ipc_sysctl.o"; fi; fi;
  clang -Wp,-MD,ipc/.namespace.o.d -nostdinc -isystem /usr/lib/llvm-14/lib/clang/14.0.0/include -I../arch/arm64/include -I./arch/arm64/include/generated  -I../include -I./include -I../arch/arm64/include/uapi -I./arch/arm64/include/generated/uapi -I../include/uapi -I./include/generated/uapi -include ../include/linux/kconfig.h  -I../ipc -Iipc -D__KERNEL__ -Qunused-arguments -mlittle-endian -DKASAN_SHADOW_SCALE_SHIFT=3 -Wall -Wundef -Wstrict-prototypes -Wno-trigraphs -pipe -fno-strict-aliasing -fno-common -fshort-wchar -Werror-implicit-function-declaration -Wno-format-security -std=gnu89 -Werror=vla --target=aarch64-linux-gnu --prefix=/usr/bin/aarch64-linux-gnu- --gcc-toolchain=/usr -no-integrated-as -Werror=unknown-warning-option -Wno-misleading-indentation -Wno-bool-operation -Wno-unsequenced -fuse-ld=lld -fno-PIE -mno-implicit-float -DCONFIG_AS_LSE=1 -fno-asynchronous-unwind-tables -fno-pic -DCONFIG_ARCH_SUPPORTS_INT128 -Wno-asm-operand-widths -DKASAN_SHADOW_SCALE_SHIFT=3 -fno-delete-null-pointer-checks -Wno-frame-address -Wno-int-in-bool-context -Wno-address-of-packed-member -Wno-address -O2 --param=allow-store-data-races=0 -DCC_HAVE_ASM_GOTO -Wframe-larger-than=2048 -fno-stack-protector -Wno-format-invalid-specifier -Wno-gnu -Wno-duplicate-decl-specifier -Wno-tautological-constant-out-of-range-compare -Wno-sometimes-uninitialized -Wno-tautological-compare -mno-global-merge -fno-delete-null-pointer-checks -Wno-unused-but-set-variable -Wno-unused-const-variable -fno-omit-frame-pointer -fno-optimize-sibling-calls -ftrivial-auto-var-init=zero -enable-trivial-auto-var-init-zero-knowing-it-will-be-removed-from-clang -g -pg -Wdeclaration-after-statement -Wno-pointer-sign -Wno-format -Wno-array-bounds -fno-strict-overflow -fno-merge-all-constants -fno-stack-check -Werror=implicit-int -Werror=strict-prototypes -Werror=date-time -Werror=incompatible-pointer-types -fmacro-prefix-map=../= -Wno-initializer-overrides -Wno-unused-value -Wno-format -Wno-sign-compare -Wno-format-zero-length -Wno-uninitialized -Wno-pointer-to-enum-cast -Wno-unaligned-access -Wno-void-ptr-dereference -Wno-enum-compare-conditional -Wno-enum-enum-conversion    -DKBUILD_BASENAME='"namespace"'  -DKBUILD_MODNAME='"namespace"' -c -o ipc/namespace.o ../ipc/namespace.c
  if [ "-pg" = "-pg" ]; then if [ ipc/namespace.o != "scripts/mod/empty.o" ]; then ./scripts/recordmcount  "ipc/namespace.o"; fi; fi;
  clang -Wp,-MD,ipc/.mq_sysctl.o.d -nostdinc -isystem /usr/lib/llvm-14/lib/clang/14.0.0/include -I../arch/arm64/include -I./arch/arm64/include/generated  -I../include -I./include -I../arch/arm64/include/uapi -I./arch/arm64/include/generated/uapi -I../include/uapi -I./include/generated/uapi -include ../include/linux/kconfig.h  -I../ipc -Iipc -D__KERNEL__ -Qunused-arguments -mlittle-endian -DKASAN_SHADOW_SCALE_SHIFT=3 -Wall -Wundef -Wstrict-prototypes -Wno-trigraphs -pipe -fno-strict-aliasing -fno-common -fshort-wchar -Werror-implicit-function-declaration -Wno-format-security -std=gnu89 -Werror=vla --target=aarch64-linux-gnu --prefix=/usr/bin/aarch64-linux-gnu- --gcc-toolchain=/usr -no-integrated-as -Werror=unknown-warning-option -Wno-misleading-indentation -Wno-bool-operation -Wno-unsequenced -fuse-ld=lld -fno-PIE -mno-implicit-float -DCONFIG_AS_LSE=1 -fno-asynchronous-unwind-tables -fno-pic -DCONFIG_ARCH_SUPPORTS_INT128 -Wno-asm-operand-widths -DKASAN_SHADOW_SCALE_SHIFT=3 -fno-delete-null-pointer-checks -Wno-frame-address -Wno-int-in-bool-context -Wno-address-of-packed-member -Wno-address -O2 --param=allow-store-data-races=0 -DCC_HAVE_ASM_GOTO -Wframe-larger-than=2048 -fno-stack-protector -Wno-format-invalid-specifier -Wno-gnu -Wno-duplicate-decl-specifier -Wno-tautological-constant-out-of-range-compare -Wno-sometimes-uninitialized -Wno-tautological-compare -mno-global-merge -fno-delete-null-pointer-checks -Wno-unused-but-set-variable -Wno-unused-const-variable -fno-omit-frame-pointer -fno-optimize-sibling-calls -ftrivial-auto-var-init=zero -enable-trivial-auto-var-init-zero-knowing-it-will-be-removed-from-clang -g -pg -Wdeclaration-after-statement -Wno-pointer-sign -Wno-format -Wno-array-bounds -fno-strict-overflow -fno-merge-all-constants -fno-stack-check -Werror=implicit-int -Werror=strict-prototypes -Werror=date-time -Werror=incompatible-pointer-types -fmacro-prefix-map=../= -Wno-initializer-overrides -Wno-unused-value -Wno-format -Wno-sign-compare -Wno-format-zero-length -Wno-uninitialized -Wno-pointer-to-enum-cast -Wno-unaligned-access -Wno-void-ptr-dereference -Wno-enum-compare-conditional -Wno-enum-enum-conversion    -DKBUILD_BASENAME='"mq_sysctl"'  -DKBUILD_MODNAME='"mq_sysctl"' -c -o ipc/mq_sysctl.o ../ipc/mq_sysctl.c
  if [ "-pg" = "-pg" ]; then if [ ipc/mq_sysctl.o != "scripts/mod/empty.o" ]; then ./scripts/recordmcount  "ipc/mq_sysctl.o"; fi; fi;
(cat /dev/null; ) > ipc/modules.order
  if [ "-pg" = "-pg" ]; then if [ ipc/mqueue.o != "scripts/mod/empty.o" ]; then ./scripts/recordmcount  "ipc/mqueue.o"; fi; fi;
    rm -f ipc/built-in.o; llvm-ar rcSTPD ipc/built-in.o ipc/compat.o ipc/util.o ipc/msgutil.o ipc/msg.o ipc/sem.o ipc/shm.o ipc/syscall.o ipc/ipc_sysctl.o ipc/mqueue.o ipc/namespace.o ipc/mq_sysctl.o 
make[1]: Leaving directory '/home/ubuntu/kernel_xiaomi_mojito/out'
